Archive member included to satisfy reference by file (symbol)

r:/program files (x86)/atmel/studio/7.0/toolchain/arm/arm-gnu-toolchain/bin/../lib/gcc/arm-none-eabi/6.3.1/thumb/v6-m\libgcc.a(_udivsi3.o)
                              src/ASF/sam0/drivers/system/clock/clock_samd21_r21_da_ha1/clock.o (__aeabi_uidiv)
r:/program files (x86)/atmel/studio/7.0/toolchain/arm/arm-gnu-toolchain/bin/../lib/gcc/arm-none-eabi/6.3.1/thumb/v6-m\libgcc.a(_dvmd_tls.o)
                              r:/program files (x86)/atmel/studio/7.0/toolchain/arm/arm-gnu-toolchain/bin/../lib/gcc/arm-none-eabi/6.3.1/thumb/v6-m\libgcc.a(_udivsi3.o) (__aeabi_idiv0)
r:/program files (x86)/atmel/studio/7.0/toolchain/arm/arm-gnu-toolchain/bin/../lib/gcc/arm-none-eabi/6.3.1/thumb/v6-m\libgcc.a(_muldi3.o)
                              src/ASF/sam0/drivers/sercom/sercom.o (__aeabi_lmul)
r:/program files (x86)/atmel/studio/7.0/toolchain/arm/arm-gnu-toolchain/bin/../lib/gcc/arm-none-eabi/6.3.1/../../../../arm-none-eabi/lib/thumb/v6-m\libc_nano.a(lib_a-exit.o)
                              r:/program files (x86)/atmel/studio/7.0/toolchain/arm/arm-gnu-toolchain/bin/../lib/gcc/arm-none-eabi/6.3.1/../../../../arm-none-eabi/lib/thumb/v6-m/crt0.o (exit)
r:/program files (x86)/atmel/studio/7.0/toolchain/arm/arm-gnu-toolchain/bin/../lib/gcc/arm-none-eabi/6.3.1/../../../../arm-none-eabi/lib/thumb/v6-m\libc_nano.a(lib_a-impure.o)
                              r:/program files (x86)/atmel/studio/7.0/toolchain/arm/arm-gnu-toolchain/bin/../lib/gcc/arm-none-eabi/6.3.1/../../../../arm-none-eabi/lib/thumb/v6-m\libc_nano.a(lib_a-exit.o) (_global_impure_ptr)
r:/program files (x86)/atmel/studio/7.0/toolchain/arm/arm-gnu-toolchain/bin/../lib/gcc/arm-none-eabi/6.3.1/../../../../arm-none-eabi/lib/thumb/v6-m\libc_nano.a(lib_a-init.o)
                              r:/program files (x86)/atmel/studio/7.0/toolchain/arm/arm-gnu-toolchain/bin/../lib/gcc/arm-none-eabi/6.3.1/../../../../arm-none-eabi/lib/thumb/v6-m/crt0.o (__libc_init_array)
r:/program files (x86)/atmel/studio/7.0/toolchain/arm/arm-gnu-toolchain/bin/../lib/gcc/arm-none-eabi/6.3.1/../../../../arm-none-eabi/lib/thumb/v6-m\libc_nano.a(lib_a-memset.o)
                              r:/program files (x86)/atmel/studio/7.0/toolchain/arm/arm-gnu-toolchain/bin/../lib/gcc/arm-none-eabi/6.3.1/../../../../arm-none-eabi/lib/thumb/v6-m/crt0.o (memset)

Allocating common symbols
Common symbol       size              file

spi_master_instance
                    0xc               src/qs_spi_master_basic.o
slave               0x3               src/qs_spi_master_basic.o

Discarded input sections

 .text          0x00000000        0x0 r:/program files (x86)/atmel/studio/7.0/toolchain/arm/arm-gnu-toolchain/bin/../lib/gcc/arm-none-eabi/6.3.1/thumb/v6-m/crti.o
 .data          0x00000000        0x0 r:/program files (x86)/atmel/studio/7.0/toolchain/arm/arm-gnu-toolchain/bin/../lib/gcc/arm-none-eabi/6.3.1/thumb/v6-m/crti.o
 .bss           0x00000000        0x0 r:/program files (x86)/atmel/studio/7.0/toolchain/arm/arm-gnu-toolchain/bin/../lib/gcc/arm-none-eabi/6.3.1/thumb/v6-m/crti.o
 .data          0x00000000        0x4 r:/program files (x86)/atmel/studio/7.0/toolchain/arm/arm-gnu-toolchain/bin/../lib/gcc/arm-none-eabi/6.3.1/thumb/v6-m/crtbegin.o
 .text          0x00000000       0x78 r:/program files (x86)/atmel/studio/7.0/toolchain/arm/arm-gnu-toolchain/bin/../lib/gcc/arm-none-eabi/6.3.1/../../../../arm-none-eabi/lib/thumb/v6-m/crt0.o
 .data          0x00000000        0x0 r:/program files (x86)/atmel/studio/7.0/toolchain/arm/arm-gnu-toolchain/bin/../lib/gcc/arm-none-eabi/6.3.1/../../../../arm-none-eabi/lib/thumb/v6-m/crt0.o
 .bss           0x00000000        0x0 r:/program files (x86)/atmel/studio/7.0/toolchain/arm/arm-gnu-toolchain/bin/../lib/gcc/arm-none-eabi/6.3.1/../../../../arm-none-eabi/lib/thumb/v6-m/crt0.o
 .ARM.extab     0x00000000        0x0 r:/program files (x86)/atmel/studio/7.0/toolchain/arm/arm-gnu-toolchain/bin/../lib/gcc/arm-none-eabi/6.3.1/../../../../arm-none-eabi/lib/thumb/v6-m/crt0.o
 .ARM.exidx     0x00000000        0x8 r:/program files (x86)/atmel/studio/7.0/toolchain/arm/arm-gnu-toolchain/bin/../lib/gcc/arm-none-eabi/6.3.1/../../../../arm-none-eabi/lib/thumb/v6-m/crt0.o
 .ARM.attributes
                0x00000000       0x1b r:/program files (x86)/atmel/studio/7.0/toolchain/arm/arm-gnu-toolchain/bin/../lib/gcc/arm-none-eabi/6.3.1/../../../../arm-none-eabi/lib/thumb/v6-m/crt0.o
 .group         0x00000000        0x8 src/ASF/common/utils/interrupt/interrupt_sam_nvic.o
 .group         0x00000000        0x8 src/ASF/common/utils/interrupt/interrupt_sam_nvic.o
 .group         0x00000000        0x8 src/ASF/common/utils/interrupt/interrupt_sam_nvic.o
 .group         0x00000000        0x8 src/ASF/common/utils/interrupt/interrupt_sam_nvic.o
 .group         0x00000000        0x8 src/ASF/common/utils/interrupt/interrupt_sam_nvic.o
 .group         0x00000000        0x8 src/ASF/common/utils/interrupt/interrupt_sam_nvic.o
[...]
Memory Configuration

Name             Origin             Length             Attributes
rom              0x00000000         0x00040000         xr
ram              0x20000000         0x00008000         xrw
*default*        0x00000000         0xffffffff

Linker script and memory map

LOAD r:/program files (x86)/atmel/studio/7.0/toolchain/arm/arm-gnu-toolchain/bin/../lib/gcc/arm-none-eabi/6.3.1/thumb/v6-m/crti.o
LOAD r:/program files (x86)/atmel/studio/7.0/toolchain/arm/arm-gnu-toolchain/bin/../lib/gcc/arm-none-eabi/6.3.1/thumb/v6-m/crtbegin.o
LOAD r:/program files (x86)/atmel/studio/7.0/toolchain/arm/arm-gnu-toolchain/bin/../lib/gcc/arm-none-eabi/6.3.1/../../../../arm-none-eabi/lib/thumb/v6-m/crt0.o
LOAD src/ASF/common/utils/interrupt/interrupt_sam_nvic.o
LOAD src/ASF/sam0/boards/samd21_xplained_pro/board_init.o
LOAD src/ASF/sam0/drivers/port/port.o
LOAD src/ASF/sam0/drivers/sercom/sercom.o
LOAD src/ASF/sam0/drivers/sercom/spi/spi.o
LOAD src/ASF/sam0/drivers/system/clock/clock_samd21_r21_da_ha1/clock.o
LOAD src/ASF/sam0/drivers/system/clock/clock_samd21_r21_da_ha1/gclk.o
LOAD src/ASF/sam0/drivers/system/interrupt/system_interrupt.o
LOAD src/ASF/sam0/drivers/system/pinmux/pinmux.o
LOAD src/ASF/sam0/drivers/system/system.o
LOAD src/ASF/sam0/utils/cmsis/samd21/source/gcc/startup_samd21.o
LOAD src/ASF/sam0/utils/cmsis/samd21/source/system_samd21.o
LOAD src/ASF/sam0/utils/syscalls/gcc/syscalls.o
LOAD src/qs_spi_master_basic.o
START GROUP
LOAD ../src/ASF/thirdparty/CMSIS/Lib/GCC\libarm_cortexM0l_math.a
LOAD r:/program files (x86)/atmel/studio/7.0/toolchain/arm/arm-gnu-toolchain/bin/../lib/gcc/arm-none-eabi/6.3.1/../../../../arm-none-eabi/lib/thumb/v6-m\libm.a
END GROUP
START GROUP
LOAD r:/program files (x86)/atmel/studio/7.0/toolchain/arm/arm-gnu-toolchain/bin/../lib/gcc/arm-none-eabi/6.3.1/thumb/v6-m\libgcc.a
LOAD r:/program files (x86)/atmel/studio/7.0/toolchain/arm/arm-gnu-toolchain/bin/../lib/gcc/arm-none-eabi/6.3.1/../../../../arm-none-eabi/lib/thumb/v6-m\libc_nano.a
END GROUP
START GROUP
LOAD r:/program files (x86)/atmel/studio/7.0/toolchain/arm/arm-gnu-toolchain/bin/../lib/gcc/arm-none-eabi/6.3.1/thumb/v6-m\libgcc.a
LOAD r:/program files (x86)/atmel/studio/7.0/toolchain/arm/arm-gnu-toolchain/bin/../lib/gcc/arm-none-eabi/6.3.1/../../../../arm-none-eabi/lib/thumb/v6-m\libc_nano.a
END GROUP
LOAD r:/program files (x86)/atmel/studio/7.0/toolchain/arm/arm-gnu-toolchain/bin/../lib/gcc/arm-none-eabi/6.3.1/thumb/v6-m/crtend.o
LOAD r:/program files (x86)/atmel/studio/7.0/toolchain/arm/arm-gnu-toolchain/bin/../lib/gcc/arm-none-eabi/6.3.1/thumb/v6-m/crtn.o
                0x00002000                STACK_SIZE = DEFINED (STACK_SIZE)?STACK_SIZE:DEFINED (__stack_size__)?__stack_size__:0x2000

.text           0x00000000     0x1228
                0x00000000                . = ALIGN (0x4)
                0x00000000                _sfixed = .
 *(.vectors .vectors.*)
 .vectors       0x00000000       0xb4 src/ASF/sam0/utils/cmsis/samd21/source/gcc/startup_samd21.o
                0x00000000                exception_table
 *(.text .text.* .gnu.linkonce.t.*)
 .text          0x000000b4       0x60 r:/program files (x86)/atmel/studio/7.0/toolchain/arm/arm-gnu-toolchain/bin/../lib/gcc/arm-none-eabi/6.3.1/thumb/v6-m/crtbegin.o
 .text.cpu_irq_enter_critical
                0x00000114       0x40 src/ASF/common/utils/interrupt/interrupt_sam_nvic.o
                0x00000114                cpu_irq_enter_critical
 .text.cpu_irq_leave_critical
                0x00000154       0x30 src/ASF/common/utils/interrupt/interrupt_sam_nvic.o
                0x00000154                cpu_irq_leave_critical
 .text.system_board_init
                0x00000184       0x38 src/ASF/sam0/boards/samd21_xplained_pro/board_init.o
                0x00000184                board_init
                0x00000184                system_board_init
 .text.port_pin_set_config
                0x000001bc       0x24 src/ASF/sam0/drivers/port/port.o
                0x000001bc                port_pin_set_config
 .text._sercom_get_sync_baud_val
                0x000001e0       0x28 src/ASF/sam0/drivers/sercom/sercom.o
                0x000001e0                _sercom_get_sync_baud_val
 .text.sercom_set_gclk_generator
                0x00000208       0x4c src/ASF/sam0/drivers/sercom/sercom.o
                0x00000208                sercom_set_gclk_generator
 .text._sercom_get_default_pad
                0x00000254      0x178 src/ASF/sam0/drivers/sercom/sercom.o
                0x00000254                _sercom_get_default_pad
 .text._sercom_get_sercom_inst_index
                0x000003cc       0x38 src/ASF/sam0/drivers/sercom/sercom.o
                0x000003cc                _sercom_get_sercom_inst_index
 .text.spi_init
                0x00000404      0x2c4 src/ASF/sam0/drivers/sercom/spi/spi.o
                0x00000404                spi_init
 .text.spi_select_slave
                0x000006c8       0xf4 src/ASF/sam0/drivers/sercom/spi/spi.o
                0x000006c8                spi_select_slave
 .text.spi_write_buffer_wait
                0x000007bc       0xc4 src/ASF/sam0/drivers/sercom/spi/spi.o
                0x000007bc                spi_write_buffer_wait
 .text.system_clock_source_get_hz
                0x00000880       0x94 src/ASF/sam0/drivers/system/clock/clock_samd21_r21_da_ha1/clock.o
                0x00000880                system_clock_source_get_hz
 .text.system_clock_source_osc8m_set_config
                0x00000914       0x3c src/ASF/sam0/drivers/system/clock/clock_samd21_r21_da_ha1/clock.o
                0x00000914                system_clock_source_osc8m_set_config
 .text.system_clock_source_enable
                0x00000950       0xa8 src/ASF/sam0/drivers/system/clock/clock_samd21_r21_da_ha1/clock.o
                0x00000950                system_clock_source_enable
 .text.system_clock_init
                0x000009f8       0x98 src/ASF/sam0/drivers/system/clock/clock_samd21_r21_da_ha1/clock.o
                0x000009f8                system_clock_init
 .text.system_gclk_init
                0x00000a90       0x24 src/ASF/sam0/drivers/system/clock/clock_samd21_r21_da_ha1/gclk.o
                0x00000a90                system_gclk_init
 .text.system_gclk_gen_set_config
                0x00000ab4       0xb8 src/ASF/sam0/drivers/system/clock/clock_samd21_r21_da_ha1/gclk.o
                0x00000ab4                system_gclk_gen_set_config
 .text.system_gclk_gen_enable
                0x00000b6c       0x44 src/ASF/sam0/drivers/system/clock/clock_samd21_r21_da_ha1/gclk.o
                0x00000b6c                system_gclk_gen_enable
 .text.system_gclk_gen_get_hz
                0x00000bb0       0x8c src/ASF/sam0/drivers/system/clock/clock_samd21_r21_da_ha1/gclk.o
                0x00000bb0                system_gclk_gen_get_hz
 .text.system_gclk_chan_enable
                0x00000c3c       0x30 src/ASF/sam0/drivers/system/clock/clock_samd21_r21_da_ha1/gclk.o
                0x00000c3c                system_gclk_chan_enable
 .text.system_gclk_chan_disable
                0x00000c6c       0x5c src/ASF/sam0/drivers/system/clock/clock_samd21_r21_da_ha1/gclk.o
                0x00000c6c                system_gclk_chan_disable
 .text.system_gclk_chan_set_config
                0x00000cc8       0x1c src/ASF/sam0/drivers/system/clock/clock_samd21_r21_da_ha1/gclk.o
                0x00000cc8                system_gclk_chan_set_config
 .text.system_gclk_chan_get_hz
                0x00000ce4       0x34 src/ASF/sam0/drivers/system/clock/clock_samd21_r21_da_ha1/gclk.o
                0x00000ce4                system_gclk_chan_get_hz
 .text._system_pinmux_config
                0x00000d18       0xa8 src/ASF/sam0/drivers/system/pinmux/pinmux.o
 .text.system_pinmux_pin_set_config
                0x00000dc0       0x30 src/ASF/sam0/drivers/system/pinmux/pinmux.o
                0x00000dc0                system_pinmux_pin_set_config
 .text._system_dummy_init
                0x00000df0        0x2 src/ASF/sam0/drivers/system/system.o
                0x00000df0                _system_extint_init
                0x00000df0                _system_events_init
                0x00000df0                _system_dummy_init
                0x00000df0                _system_divas_init
 *fill*         0x00000df2        0x2 
 .text.system_init
                0x00000df4       0x2c src/ASF/sam0/drivers/system/system.o
                0x00000df4                system_init
 .text.Dummy_Handler
                0x00000e20        0x2 src/ASF/sam0/utils/cmsis/samd21/source/gcc/startup_samd21.o
                0x00000e20                DMAC_Handler
                0x00000e20                HardFault_Handler
                0x00000e20                AC_Handler
                0x00000e20                SysTick_Handler
                0x00000e20                PendSV_Handler
                0x00000e20                NMI_Handler
                0x00000e20                TC7_Handler
                0x00000e20                SERCOM1_Handler
                0x00000e20                ADC_Handler
                0x00000e20                TCC1_Handler
                0x00000e20                SERCOM2_Handler
                0x00000e20                TCC0_Handler
                0x00000e20                RTC_Handler
                0x00000e20                EIC_Handler
                0x00000e20                TC6_Handler
                0x00000e20                WDT_Handler
                0x00000e20                TC4_Handler
                0x00000e20                USB_Handler
                0x00000e20                TC3_Handler
                0x00000e20                Dummy_Handler
                0x00000e20                PM_Handler
                0x00000e20                SERCOM5_Handler
                0x00000e20                SVC_Handler
                0x00000e20                TCC2_Handler
                0x00000e20                EVSYS_Handler
                0x00000e20                SERCOM3_Handler
                0x00000e20                SERCOM4_Handler
                0x00000e20                I2S_Handler
                0x00000e20                NVMCTRL_Handler
                0x00000e20                SERCOM0_Handler
                0x00000e20                DAC_Handler
                0x00000e20                PTC_Handler
                0x00000e20                TC5_Handler
                0x00000e20                SYSCTRL_Handler
 *fill*         0x00000e22        0x2 
 .text.Reset_Handler
                0x00000e24       0xe4 src/ASF/sam0/utils/cmsis/samd21/source/gcc/startup_samd21.o
                0x00000e24                Reset_Handler
 .text.configure_spi_master
                0x00000f08       0xcc src/qs_spi_master_basic.o
                0x00000f08                configure_spi_master
 .text.main     0x00000fd4       0x64 src/qs_spi_master_basic.o
                0x00000fd4                main
 .text          0x00001038      0x114 r:/program files (x86)/atmel/studio/7.0/toolchain/arm/arm-gnu-toolchain/bin/../lib/gcc/arm-none-eabi/6.3.1/thumb/v6-m\libgcc.a(_udivsi3.o)
                0x00001038                __aeabi_uidiv
                0x00001038                __udivsi3
                0x00001144                __aeabi_uidivmod
 .text          0x0000114c        0x4 r:/program files (x86)/atmel/studio/7.0/toolchain/arm/arm-gnu-toolchain/bin/../lib/gcc/arm-none-eabi/6.3.1/thumb/v6-m\libgcc.a(_dvmd_tls.o)
                0x0000114c                __aeabi_idiv0
                0x0000114c                __aeabi_ldiv0
 .text.__libc_init_array
                0x00001150       0x48 r:/program files (x86)/atmel/studio/7.0/toolchain/arm/arm-gnu-toolchain/bin/../lib/gcc/arm-none-eabi/6.3.1/../../../../arm-none-eabi/lib/thumb/v6-m\libc_nano.a(lib_a-init.o)
                0x00001150                __libc_init_array
 .text.memset   0x00001198       0x10 r:/program files (x86)/atmel/studio/7.0/toolchain/arm/arm-gnu-toolchain/bin/../lib/gcc/arm-none-eabi/6.3.1/../../../../arm-none-eabi/lib/thumb/v6-m\libc_nano.a(lib_a-memset.o)
                0x00001198                memset
 *(.glue_7t)
 .glue_7t       0x000011a8        0x0 linker stubs
 *(.glue_7)
 .glue_7        0x000011a8        0x0 linker stubs
 *(.rodata .rodata* .gnu.linkonce.r.*)
 .rodata        0x000011a8       0x18 src/ASF/sam0/drivers/sercom/sercom.o
 .rodata.system_clock_source_get_hz
                0x000011c0       0x24 src/ASF/sam0/drivers/system/clock/clock_samd21_r21_da_ha1/clock.o
 .rodata.system_clock_source_enable
                0x000011e4       0x24 src/ASF/sam0/drivers/system/clock/clock_samd21_r21_da_ha1/clock.o
 *(.ARM.extab* .gnu.linkonce.armextab.*)
                0x00001208                . = ALIGN (0x4)
 *(.init)
 .init          0x00001208        0x4 r:/program files (x86)/atmel/studio/7.0/toolchain/arm/arm-gnu-toolchain/bin/../lib/gcc/arm-none-eabi/6.3.1/thumb/v6-m/crti.o
                0x00001208                _init
 .init          0x0000120c        0x8 r:/program files (x86)/atmel/studio/7.0/toolchain/arm/arm-gnu-toolchain/bin/../lib/gcc/arm-none-eabi/6.3.1/thumb/v6-m/crtn.o
                0x00001214                . = ALIGN (0x4)
                0x00001214                __preinit_array_start = .
 *(.preinit_array)
                0x00001214                __preinit_array_end = .
                0x00001214                . = ALIGN (0x4)
                0x00001214                __init_array_start = .
 *(SORT(.init_array.*))
 *(.init_array)
 .init_array    0x00001214        0x4 r:/program files (x86)/atmel/studio/7.0/toolchain/arm/arm-gnu-toolchain/bin/../lib/gcc/arm-none-eabi/6.3.1/thumb/v6-m/crtbegin.o
                0x00001218                __init_array_end = .
                0x00001218                . = ALIGN (0x4)
 *crtbegin.o(.ctors)
 *(EXCLUDE_FILE(*crtend.o) .ctors)
 *(SORT(.ctors.*))
 *crtend.o(.ctors)
                0x00001218                . = ALIGN (0x4)
 *(.fini)
 .fini          0x00001218        0x4 r:/program files (x86)/atmel/studio/7.0/toolchain/arm/arm-gnu-toolchain/bin/../lib/gcc/arm-none-eabi/6.3.1/thumb/v6-m/crti.o
                0x00001218                _fini
 .fini          0x0000121c        0x8 r:/program files (x86)/atmel/studio/7.0/toolchain/arm/arm-gnu-toolchain/bin/../lib/gcc/arm-none-eabi/6.3.1/thumb/v6-m/crtn.o
                0x00001224                . = ALIGN (0x4)
                0x00001224                __fini_array_start = .
 *(.fini_array)
 .fini_array    0x00001224        0x4 r:/program files (x86)/atmel/studio/7.0/toolchain/arm/arm-gnu-toolchain/bin/../lib/gcc/arm-none-eabi/6.3.1/thumb/v6-m/crtbegin.o
 *(SORT(.fini_array.*))
                0x00001228                __fini_array_end = .
 *crtbegin.o(.dtors)
 *(EXCLUDE_FILE(*crtend.o) .dtors)
 *(SORT(.dtors.*))
 *crtend.o(.dtors)
                0x00001228                . = ALIGN (0x4)
                0x00001228                _efixed = .
                [!provide]                PROVIDE (__exidx_start, .)

.vfp11_veneer   0x00001228        0x0
 .vfp11_veneer  0x00001228        0x0 linker stubs

.v4_bx          0x00001228        0x0
 .v4_bx         0x00001228        0x0 linker stubs

.iplt           0x00001228        0x0
 .iplt          0x00001228        0x0 r:/program files (x86)/atmel/studio/7.0/toolchain/arm/arm-gnu-toolchain/bin/../lib/gcc/arm-none-eabi/6.3.1/thumb/v6-m/crtbegin.o

.eh_frame       0x00001228        0x0
 .eh_frame      0x00001228        0x0 r:/program files (x86)/atmel/studio/7.0/toolchain/arm/arm-gnu-toolchain/bin/../lib/gcc/arm-none-eabi/6.3.1/thumb/v6-m/crtbegin.o

.rel.dyn        0x00001228        0x0
 .rel.iplt      0x00001228        0x0 r:/program files (x86)/atmel/studio/7.0/toolchain/arm/arm-gnu-toolchain/bin/../lib/gcc/arm-none-eabi/6.3.1/thumb/v6-m/crtbegin.o

.jcr            0x00001228        0x0
 .jcr           0x00001228        0x0 r:/program files (x86)/atmel/studio/7.0/toolchain/arm/arm-gnu-toolchain/bin/../lib/gcc/arm-none-eabi/6.3.1/thumb/v6-m/crtbegin.o

.igot.plt       0x00001228        0x0
 .igot.plt      0x00001228        0x0 r:/program files (x86)/atmel/studio/7.0/toolchain/arm/arm-gnu-toolchain/bin/../lib/gcc/arm-none-eabi/6.3.1/thumb/v6-m/crtbegin.o

.ARM.exidx
 *(.ARM.exidx* .gnu.linkonce.armexidx.*)
                [!provide]                PROVIDE (__exidx_end, .)
                0x00001228                . = ALIGN (0x4)
                0x00001228                _etext = .

.relocate       0x20000000       0x18 load address 0x00001228
                0x20000000                . = ALIGN (0x4)
                0x20000000                _srelocate = .
 *(.ramfunc .ramfunc.*)
 *(.data .data.*)
 .data.g_interrupt_enabled
                0x20000000        0x1 src/ASF/common/utils/interrupt/interrupt_sam_nvic.o
                0x20000000                g_interrupt_enabled
 *fill*         0x20000001        0x3 
 .data.buffer   0x20000004       0x14 src/qs_spi_master_basic.o
                0x20000018                . = ALIGN (0x4)
                0x20000018                _erelocate = .

.bss            0x20000018       0x50 load address 0x00001240
                0x20000018                . = ALIGN (0x4)
                0x20000018                _sbss = .
                0x20000018                _szero = .
 *(.bss .bss.*)
 .bss           0x20000018       0x1c r:/program files (x86)/atmel/studio/7.0/toolchain/arm/arm-gnu-toolchain/bin/../lib/gcc/arm-none-eabi/6.3.1/thumb/v6-m/crtbegin.o
 .bss.cpu_irq_critical_section_counter
                0x20000034        0x4 src/ASF/common/utils/interrupt/interrupt_sam_nvic.o
 .bss.cpu_irq_prev_interrupt_state
                0x20000038        0x1 src/ASF/common/utils/interrupt/interrupt_sam_nvic.o
 *fill*         0x20000039        0x3 
 .bss._sercom_config
                0x2000003c        0x2 src/ASF/sam0/drivers/sercom/sercom.o
 *fill*         0x2000003e        0x2 
 .bss._system_clock_inst
                0x20000040       0x18 src/ASF/sam0/drivers/system/clock/clock_samd21_r21_da_ha1/clock.o
 *(COMMON)
 COMMON         0x20000058        0xf src/qs_spi_master_basic.o
                0x20000058                spi_master_instance
                0x20000064                slave
                0x20000068                . = ALIGN (0x4)
 *fill*         0x20000067        0x1 
                0x20000068                _ebss = .
                0x20000068                _ezero = .

.stack          0x20000068     0x2000 load address 0x00001290
                0x20000068                . = ALIGN (0x8)
                0x20000068                _sstack = .
                0x20002068                . = (. + STACK_SIZE)
 *fill*         0x20000068     0x2000 
                0x20002068                . = ALIGN (0x8)
                0x20002068                _estack = .
                0x20002068                . = ALIGN (0x4)
                0x20002068                _end = .
OUTPUT(SPI_Example_MasterPolled.elf elf32-littlearm)

.ARM.attributes
                0x00000000       0x28
 .ARM.attributes
                0x00000000       0x1e r:/program files (x86)/atmel/studio/7.0/toolchain/arm/arm-gnu-toolchain/bin/../lib/gcc/arm-none-eabi/6.3.1/thumb/v6-m/crti.o
 .ARM.attributes
                0x0000001e       0x2c r:/program files (x86)/atmel/studio/7.0/toolchain/arm/arm-gnu-toolchain/bin/../lib/gcc/arm-none-eabi/6.3.1/thumb/v6-m/crtbegin.o
 .ARM.attributes
                0x0000004a       0x32 src/ASF/common/utils/interrupt/interrupt_sam_nvic.o
 .ARM.attributes
                0x0000007c       0x32 src/ASF/sam0/boards/samd21_xplained_pro/board_init.o
 .ARM.attributes
                0x000000ae       0x32 src/ASF/sam0/drivers/port/port.o
 .ARM.attributes
                0x000000e0       0x32 src/ASF/sam0/drivers/sercom/sercom.o
 .ARM.attributes
                0x00000112       0x32 src/ASF/sam0/drivers/sercom/spi/spi.o
 .ARM.attributes
                0x00000144       0x32 src/ASF/sam0/drivers/system/clock/clock_samd21_r21_da_ha1/clock.o
 .ARM.attributes
                0x00000176       0x32 src/ASF/sam0/drivers/system/clock/clock_samd21_r21_da_ha1/gclk.o
 .ARM.attributes
                0x000001a8       0x32 src/ASF/sam0/drivers/system/pinmux/pinmux.o
 .ARM.attributes
                0x000001da       0x32 src/ASF/sam0/drivers/system/system.o
 .ARM.attributes
                0x0000020c       0x32 src/ASF/sam0/utils/cmsis/samd21/source/gcc/startup_samd21.o
 .ARM.attributes
                0x0000023e       0x32 src/qs_spi_master_basic.o
 .ARM.attributes
                0x00000270       0x1e r:/program files (x86)/atmel/studio/7.0/toolchain/arm/arm-gnu-toolchain/bin/../lib/gcc/arm-none-eabi/6.3.1/thumb/v6-m\libgcc.a(_udivsi3.o)
 .ARM.attributes
                0x0000028e       0x1e r:/program files (x86)/atmel/studio/7.0/toolchain/arm/arm-gnu-toolchain/bin/../lib/gcc/arm-none-eabi/6.3.1/thumb/v6-m\libgcc.a(_dvmd_tls.o)
 .ARM.attributes
                0x000002ac       0x2c r:/program files (x86)/atmel/studio/7.0/toolchain/arm/arm-gnu-toolchain/bin/../lib/gcc/arm-none-eabi/6.3.1/../../../../arm-none-eabi/lib/thumb/v6-m\libc_nano.a(lib_a-init.o)
 .ARM.attributes
                0x000002d8       0x2c r:/program files (x86)/atmel/studio/7.0/toolchain/arm/arm-gnu-toolchain/bin/../lib/gcc/arm-none-eabi/6.3.1/../../../../arm-none-eabi/lib/thumb/v6-m\libc_nano.a(lib_a-memset.o)
 .ARM.attributes
                0x00000304       0x1e r:/program files (x86)/atmel/studio/7.0/toolchain/arm/arm-gnu-toolchain/bin/../lib/gcc/arm-none-eabi/6.3.1/thumb/v6-m/crtn.o

.comment        0x00000000       0x59
 .comment       0x00000000       0x59 src/ASF/common/utils/interrupt/interrupt_sam_nvic.o
                                 0x5a (size before relaxing)
 .comment       0x00000059       0x5a src/ASF/sam0/boards/samd21_xplained_pro/board_init.o
 .comment       0x00000059       0x5a src/ASF/sam0/drivers/port/port.o
 .comment       0x00000059       0x5a src/ASF/sam0/drivers/sercom/sercom.o
 .comment       0x00000059       0x5a src/ASF/sam0/drivers/sercom/spi/spi.o
 .comment       0x00000059       0x5a src/ASF/sam0/drivers/system/clock/clock_samd21_r21_da_ha1/clock.o
 .comment       0x00000059       0x5a src/ASF/sam0/drivers/system/clock/clock_samd21_r21_da_ha1/gclk.o
 .comment       0x00000059       0x5a src/ASF/sam0/drivers/system/pinmux/pinmux.o
 .comment       0x00000059       0x5a src/ASF/sam0/drivers/system/system.o
 .comment       0x00000059       0x5a src/ASF/sam0/utils/cmsis/samd21/source/gcc/startup_samd21.o
 .comment       0x00000059       0x5a src/qs_spi_master_basic.o

.debug_info     0x00000000    0x1a35a
 .debug_info    0x00000000      0xb05 src/ASF/common/utils/interrupt/interrupt_sam_nvic.o
 .debug_info    0x00000b05     0x12ad src/ASF/sam0/boards/samd21_xplained_pro/board_init.o
 .debug_info    0x00001db2     0x12b6 src/ASF/sam0/drivers/port/port.o
 .debug_info    0x00003068     0x2ddf src/ASF/sam0/drivers/sercom/sercom.o
 .debug_info    0x00005e47     0x5cbd src/ASF/sam0/drivers/sercom/spi/spi.o
 .debug_info    0x0000bb04     0x37aa src/ASF/sam0/drivers/system/clock/clock_samd21_r21_da_ha1/clock.o
 .debug_info    0x0000f2ae     0x1ec7 src/ASF/sam0/drivers/system/clock/clock_samd21_r21_da_ha1/gclk.o
 .debug_info    0x00011175     0x13f3 src/ASF/sam0/drivers/system/pinmux/pinmux.o
 .debug_info    0x00012568      0xa73 src/ASF/sam0/drivers/system/system.o
 .debug_info    0x00012fdb     0x3a3f src/ASF/sam0/utils/cmsis/samd21/source/gcc/startup_samd21.o
 .debug_info    0x00016a1a     0x3940 src/qs_spi_master_basic.o

.debug_abbrev   0x00000000     0x23ce
 .debug_abbrev  0x00000000      0x23b src/ASF/common/utils/interrupt/interrupt_sam_nvic.o
 .debug_abbrev  0x0000023b      0x2dc src/ASF/sam0/boards/samd21_xplained_pro/board_init.o
 .debug_abbrev  0x00000517      0x298 src/ASF/sam0/drivers/port/port.o
 .debug_abbrev  0x000007af      0x378 src/ASF/sam0/drivers/sercom/sercom.o
 .debug_abbrev  0x00000b27      0x514 src/ASF/sam0/drivers/sercom/spi/spi.o
 .debug_abbrev  0x0000103b      0x465 src/ASF/sam0/drivers/system/clock/clock_samd21_r21_da_ha1/clock.o
 .debug_abbrev  0x000014a0      0x40d src/ASF/sam0/drivers/system/clock/clock_samd21_r21_da_ha1/gclk.o
 .debug_abbrev  0x000018ad      0x361 src/ASF/sam0/drivers/system/pinmux/pinmux.o
 .debug_abbrev  0x00001c0e      0x1e1 src/ASF/sam0/drivers/system/system.o
 .debug_abbrev  0x00001def      0x234 src/ASF/sam0/utils/cmsis/samd21/source/gcc/startup_samd21.o
 .debug_abbrev  0x00002023      0x3ab src/qs_spi_master_basic.o

.debug_aranges  0x00000000      0x2c0
 .debug_aranges
                0x00000000       0x28 src/ASF/common/utils/interrupt/interrupt_sam_nvic.o
 .debug_aranges
                0x00000028       0x20 src/ASF/sam0/boards/samd21_xplained_pro/board_init.o
 .debug_aranges
                0x00000048       0x28 src/ASF/sam0/drivers/port/port.o
 .debug_aranges
                0x00000070       0x48 src/ASF/sam0/drivers/sercom/sercom.o
 .debug_aranges
                0x000000b8       0x58 src/ASF/sam0/drivers/sercom/spi/spi.o
 .debug_aranges
                0x00000110       0x78 src/ASF/sam0/drivers/system/clock/clock_samd21_r21_da_ha1/clock.o
 .debug_aranges
                0x00000188       0x80 src/ASF/sam0/drivers/system/clock/clock_samd21_r21_da_ha1/gclk.o
 .debug_aranges
                0x00000208       0x40 src/ASF/sam0/drivers/system/pinmux/pinmux.o
 .debug_aranges
                0x00000248       0x28 src/ASF/sam0/drivers/system/system.o
 .debug_aranges
                0x00000270       0x28 src/ASF/sam0/utils/cmsis/samd21/source/gcc/startup_samd21.o
 .debug_aranges
                0x00000298       0x28 src/qs_spi_master_basic.o

.debug_ranges   0x00000000      0x488
 .debug_ranges  0x00000000       0x18 src/ASF/common/utils/interrupt/interrupt_sam_nvic.o
 .debug_ranges  0x00000018       0x10 src/ASF/sam0/boards/samd21_xplained_pro/board_init.o
 .debug_ranges  0x00000028       0x18 src/ASF/sam0/drivers/port/port.o
 .debug_ranges  0x00000040       0x50 src/ASF/sam0/drivers/sercom/sercom.o
 .debug_ranges  0x00000090      0x290 src/ASF/sam0/drivers/sercom/spi/spi.o
 .debug_ranges  0x00000320       0x68 src/ASF/sam0/drivers/system/clock/clock_samd21_r21_da_ha1/clock.o
 .debug_ranges  0x00000388       0x88 src/ASF/sam0/drivers/system/clock/clock_samd21_r21_da_ha1/gclk.o
 .debug_ranges  0x00000410       0x30 src/ASF/sam0/drivers/system/pinmux/pinmux.o
 .debug_ranges  0x00000440       0x18 src/ASF/sam0/drivers/system/system.o
 .debug_ranges  0x00000458       0x18 src/ASF/sam0/utils/cmsis/samd21/source/gcc/startup_samd21.o
 .debug_ranges  0x00000470       0x18 src/qs_spi_master_basic.o

.debug_macro    0x00000000    0x18b3b
 .debug_macro   0x00000000      0x51f src/ASF/common/utils/interrupt/interrupt_sam_nvic.o
 .debug_macro   0x0000051f      0x8b6 src/ASF/common/utils/interrupt/interrupt_sam_nvic.o
 .debug_macro   0x00000dd5      0x16d src/ASF/common/utils/interrupt/interrupt_sam_nvic.o
 .debug_macro   0x00000f42      0x71d src/ASF/common/utils/interrupt/interrupt_sam_nvic.o
 .debug_macro   0x0000165f       0x22 src/ASF/common/utils/interrupt/interrupt_sam_nvic.o
 .debug_macro   0x00001681       0x87 src/ASF/common/utils/interrupt/interrupt_sam_nvic.o
 .debug_macro   0x00001708       0x51 src/ASF/common/utils/interrupt/interrupt_sam_nvic.o
 .debug_macro   0x00001759       0xef src/ASF/common/utils/interrupt/interrupt_sam_nvic.o
 .debug_macro   0x00001848       0x6a src/ASF/common/utils/interrupt/interrupt_sam_nvic.o
 .debug_macro   0x000018b2      0x1df src/ASF/common/utils/interrupt/interrupt_sam_nvic.o
 .debug_macro   0x00001a91       0x10 src/ASF/common/utils/interrupt/interrupt_sam_nvic.o
 .debug_macro   0x00001aa1       0x76 src/ASF/common/utils/interrupt/interrupt_sam_nvic.o
 .debug_macro   0x00001b17       0x16 src/ASF/common/utils/interrupt/interrupt_sam_nvic.o
 .debug_macro   0x00001b2d      0x6db src/ASF/common/utils/interrupt/interrupt_sam_nvic.o
 .debug_macro   0x00002208      0xdd8 src/ASF/common/utils/interrupt/interrupt_sam_nvic.o
 .debug_macro   0x00002fe0       0x22 src/ASF/common/utils/interrupt/interrupt_sam_nvic.o
 .debug_macro   0x00003002       0x40 src/ASF/common/utils/interrupt/interrupt_sam_nvic.o
 .debug_macro   0x00003042       0x1c src/ASF/common/utils/interrupt/interrupt_sam_nvic.o
 .debug_macro   0x0000305e       0x22 src/ASF/common/utils/interrupt/interrupt_sam_nvic.o
 .debug_macro   0x00003080       0xb5 src/ASF/common/utils/interrupt/interrupt_sam_nvic.o
 .debug_macro   0x00003135      0x3ad src/ASF/common/utils/interrupt/interrupt_sam_nvic.o
 .debug_macro   0x000034e2      0x681 src/ASF/common/utils/interrupt/interrupt_sam_nvic.o
 .debug_macro   0x00003b63      0x8b5 src/ASF/common/utils/interrupt/interrupt_sam_nvic.o
 .debug_macro   0x00004418      0x230 src/ASF/common/utils/interrupt/interrupt_sam_nvic.o
 .debug_macro   0x00004648      0xd60 src/ASF/common/utils/interrupt/interrupt_sam_nvic.o
 .debug_macro   0x000053a8      0x4cb src/ASF/common/utils/interrupt/interrupt_sam_nvic.o
 .debug_macro   0x00005873      0x9f8 src/ASF/common/utils/interrupt/interrupt_sam_nvic.o
 .debug_macro   0x0000626b      0x82b src/ASF/common/utils/interrupt/interrupt_sam_nvic.o
 .debug_macro   0x00006a96      0x455 src/ASF/common/utils/interrupt/interrupt_sam_nvic.o
 .debug_macro   0x00006eeb       0x5e src/ASF/common/utils/interrupt/interrupt_sam_nvic.o
 .debug_macro   0x00006f49      0x8fd src/ASF/common/utils/interrupt/interrupt_sam_nvic.o
 .debug_macro   0x00007846      0x21c src/ASF/common/utils/interrupt/interrupt_sam_nvic.o
 .debug_macro   0x00007a62      0x95b src/ASF/common/utils/interrupt/interrupt_sam_nvic.o
 .debug_macro   0x000083bd       0x5e src/ASF/common/utils/interrupt/interrupt_sam_nvic.o
 .debug_macro   0x0000841b      0x667 src/ASF/common/utils/interrupt/interrupt_sam_nvic.o
 .debug_macro   0x00008a82      0x3af src/ASF/common/utils/interrupt/interrupt_sam_nvic.o
 .debug_macro   0x00008e31      0xc7a src/ASF/common/utils/interrupt/interrupt_sam_nvic.o
 .debug_macro   0x00009aab     0x1092 src/ASF/common/utils/interrupt/interrupt_sam_nvic.o
 .debug_macro   0x0000ab3d      0xc4a src/ASF/common/utils/interrupt/interrupt_sam_nvic.o
 .debug_macro   0x0000b787      0x6ba src/ASF/common/utils/interrupt/interrupt_sam_nvic.o
 .debug_macro   0x0000be41     0x1bbf src/ASF/common/utils/interrupt/interrupt_sam_nvic.o
 .debug_macro   0x0000da00     0x1440 src/ASF/common/utils/interrupt/interrupt_sam_nvic.o
 .debug_macro   0x0000ee40      0x344 src/ASF/common/utils/interrupt/interrupt_sam_nvic.o
 .debug_macro   0x0000f184       0x7c src/ASF/common/utils/interrupt/interrupt_sam_nvic.o
 .debug_macro   0x0000f200       0xa0 src/ASF/common/utils/interrupt/interrupt_sam_nvic.o
 .debug_macro   0x0000f2a0       0x4c src/ASF/common/utils/interrupt/interrupt_sam_nvic.o
 .debug_macro   0x0000f2ec       0xca src/ASF/common/utils/interrupt/interrupt_sam_nvic.o
 .debug_macro   0x0000f3b6       0x94 src/ASF/common/utils/interrupt/interrupt_sam_nvic.o
 .debug_macro   0x0000f44a       0x58 src/ASF/common/utils/interrupt/interrupt_sam_nvic.o
 .debug_macro   0x0000f4a2      0x37d src/ASF/common/utils/interrupt/interrupt_sam_nvic.o
 .debug_macro   0x0000f81f       0x82 src/ASF/common/utils/interrupt/interrupt_sam_nvic.o
 .debug_macro   0x0000f8a1      0x18d src/ASF/common/utils/interrupt/interrupt_sam_nvic.o
 .debug_macro   0x0000fa2e       0xb8 src/ASF/common/utils/interrupt/interrupt_sam_nvic.o
 .debug_macro   0x0000fae6       0xa0 src/ASF/common/utils/interrupt/interrupt_sam_nvic.o
 .debug_macro   0x0000fb86       0xb8 src/ASF/common/utils/interrupt/interrupt_sam_nvic.o
 .debug_macro   0x0000fc3e       0x1c src/ASF/common/utils/interrupt/interrupt_sam_nvic.o
 .debug_macro   0x0000fc5a       0x1c src/ASF/common/utils/interrupt/interrupt_sam_nvic.o
 .debug_macro   0x0000fc76       0x1c src/ASF/common/utils/interrupt/interrupt_sam_nvic.o
 .debug_macro   0x0000fc92       0x82 src/ASF/common/utils/interrupt/interrupt_sam_nvic.o
 .debug_macro   0x0000fd14      0x15a src/ASF/common/utils/interrupt/interrupt_sam_nvic.o
 .debug_macro   0x0000fe6e       0xdc src/ASF/common/utils/interrupt/interrupt_sam_nvic.o
 .debug_macro   0x0000ff4a      0x128 src/ASF/common/utils/interrupt/interrupt_sam_nvic.o
 .debug_macro   0x00010072      0x128 src/ASF/common/utils/interrupt/interrupt_sam_nvic.o
 .debug_macro   0x0001019a      0x128 src/ASF/common/utils/interrupt/interrupt_sam_nvic.o
 .debug_macro   0x000102c2      0x128 src/ASF/common/utils/interrupt/interrupt_sam_nvic.o
 .debug_macro   0x000103ea      0x128 src/ASF/common/utils/interrupt/interrupt_sam_nvic.o
 .debug_macro   0x00010512      0x128 src/ASF/common/utils/interrupt/interrupt_sam_nvic.o
 .debug_macro   0x0001063a      0x124 src/ASF/common/utils/interrupt/interrupt_sam_nvic.o
 .debug_macro   0x0001075e       0xe2 src/ASF/common/utils/interrupt/interrupt_sam_nvic.o
 .debug_macro   0x00010840       0xe2 src/ASF/common/utils/interrupt/interrupt_sam_nvic.o
 .debug_macro   0x00010922       0xe2 src/ASF/common/utils/interrupt/interrupt_sam_nvic.o
 .debug_macro   0x00010a04       0xe2 src/ASF/common/utils/interrupt/interrupt_sam_nvic.o
 .debug_macro   0x00010ae6       0xe2 src/ASF/common/utils/interrupt/interrupt_sam_nvic.o
 .debug_macro   0x00010bc8      0x130 src/ASF/common/utils/interrupt/interrupt_sam_nvic.o
 .debug_macro   0x00010cf8      0x106 src/ASF/common/utils/interrupt/interrupt_sam_nvic.o
 .debug_macro   0x00010dfe       0xfa src/ASF/common/utils/interrupt/interrupt_sam_nvic.o
 .debug_macro   0x00010ef8      0x40f src/ASF/common/utils/interrupt/interrupt_sam_nvic.o
 .debug_macro   0x00011307       0x40 src/ASF/common/utils/interrupt/interrupt_sam_nvic.o
 .debug_macro   0x00011347      0x37d src/ASF/common/utils/interrupt/interrupt_sam_nvic.o
 .debug_macro   0x000116c4     0x1e52 src/ASF/common/utils/interrupt/interrupt_sam_nvic.o
 .debug_macro   0x00013516       0x6d src/ASF/common/utils/interrupt/interrupt_sam_nvic.o
 .debug_macro   0x00013583       0x58 src/ASF/common/utils/interrupt/interrupt_sam_nvic.o
 .debug_macro   0x000135db       0x35 src/ASF/common/utils/interrupt/interrupt_sam_nvic.o
 .debug_macro   0x00013610       0x9c src/ASF/common/utils/interrupt/interrupt_sam_nvic.o
 .debug_macro   0x000136ac       0x16 src/ASF/common/utils/interrupt/interrupt_sam_nvic.o
 .debug_macro   0x000136c2       0x35 src/ASF/common/utils/interrupt/interrupt_sam_nvic.o
 .debug_macro   0x000136f7      0x34d src/ASF/common/utils/interrupt/interrupt_sam_nvic.o
 .debug_macro   0x00013a44       0x10 src/ASF/common/utils/interrupt/interrupt_sam_nvic.o
 .debug_macro   0x00013a54       0x58 src/ASF/common/utils/interrupt/interrupt_sam_nvic.o
 .debug_macro   0x00013aac       0x1f src/ASF/common/utils/interrupt/interrupt_sam_nvic.o
 .debug_macro   0x00013acb       0x43 src/ASF/common/utils/interrupt/interrupt_sam_nvic.o
 .debug_macro   0x00013b0e       0x20 src/ASF/common/utils/interrupt/interrupt_sam_nvic.o
 .debug_macro   0x00013b2e      0x187 src/ASF/common/utils/interrupt/interrupt_sam_nvic.o
 .debug_macro   0x00013cb5       0x10 src/ASF/common/utils/interrupt/interrupt_sam_nvic.o
 .debug_macro   0x00013cc5       0x1c src/ASF/common/utils/interrupt/interrupt_sam_nvic.o
 .debug_macro   0x00013ce1       0x52 src/ASF/common/utils/interrupt/interrupt_sam_nvic.o
 .debug_macro   0x00013d33       0x40 src/ASF/common/utils/interrupt/interrupt_sam_nvic.o
 .debug_macro   0x00013d73       0x10 src/ASF/common/utils/interrupt/interrupt_sam_nvic.o
 .debug_macro   0x00013d83       0x40 src/ASF/common/utils/interrupt/interrupt_sam_nvic.o
 .debug_macro   0x00013dc3       0xd7 src/ASF/common/utils/interrupt/interrupt_sam_nvic.o
 .debug_macro   0x00013e9a       0x16 src/ASF/common/utils/interrupt/interrupt_sam_nvic.o
 .debug_macro   0x00013eb0      0x18b src/ASF/common/utils/interrupt/interrupt_sam_nvic.o
 .debug_macro   0x0001403b       0x16 src/ASF/common/utils/interrupt/interrupt_sam_nvic.o
 .debug_macro   0x00014051       0x16 src/ASF/common/utils/interrupt/interrupt_sam_nvic.o
 .debug_macro   0x00014067       0x29 src/ASF/common/utils/interrupt/interrupt_sam_nvic.o
 .debug_macro   0x00014090       0x51 src/ASF/common/utils/interrupt/interrupt_sam_nvic.o
 .debug_macro   0x000140e1      0x3df src/ASF/common/utils/interrupt/interrupt_sam_nvic.o
 .debug_macro   0x000144c0       0x3e src/ASF/common/utils/interrupt/interrupt_sam_nvic.o
 .debug_macro   0x000144fe      0x55b src/ASF/sam0/boards/samd21_xplained_pro/board_init.o
 .debug_macro   0x00014a59      0x2df src/ASF/sam0/boards/samd21_xplained_pro/board_init.o
 .debug_macro   0x00014d38      0x9f4 src/ASF/sam0/boards/samd21_xplained_pro/board_init.o
 .debug_macro   0x0001572c       0x18 src/ASF/sam0/boards/samd21_xplained_pro/board_init.o
 .debug_macro   0x00015744       0x12 src/ASF/sam0/boards/samd21_xplained_pro/board_init.o
 .debug_macro   0x00015756      0x539 src/ASF/sam0/drivers/port/port.o
 .debug_macro   0x00015c8f      0x5ac src/ASF/sam0/drivers/sercom/sercom.o
 .debug_macro   0x0001623b       0x11 src/ASF/sam0/drivers/sercom/sercom.o
 .debug_macro   0x0001624c       0x16 src/ASF/sam0/drivers/sercom/sercom.o
 .debug_macro   0x00016262       0x2e src/ASF/sam0/drivers/sercom/sercom.o
 .debug_macro   0x00016290       0xb2 src/ASF/sam0/drivers/sercom/sercom.o
 .debug_macro   0x00016342       0x10 src/ASF/sam0/drivers/sercom/sercom.o
 .debug_macro   0x00016352      0x5e2 src/ASF/sam0/drivers/sercom/spi/spi.o
 .debug_macro   0x00016934       0x16 src/ASF/sam0/drivers/sercom/spi/spi.o
 .debug_macro   0x0001694a       0x40 src/ASF/sam0/drivers/sercom/spi/spi.o
 .debug_macro   0x0001698a       0x35 src/ASF/sam0/drivers/sercom/spi/spi.o
 .debug_macro   0x000169bf      0x590 src/ASF/sam0/drivers/system/clock/clock_samd21_r21_da_ha1/clock.o
 .debug_macro   0x00016f4f      0x298 src/ASF/sam0/drivers/system/clock/clock_samd21_r21_da_ha1/clock.o
 .debug_macro   0x000171e7      0x555 src/ASF/sam0/drivers/system/clock/clock_samd21_r21_da_ha1/gclk.o
 .debug_macro   0x0001773c      0x52f src/ASF/sam0/drivers/system/pinmux/pinmux.o
 .debug_macro   0x00017c6b       0x12 src/ASF/sam0/drivers/system/pinmux/pinmux.o
 .debug_macro   0x00017c7d      0x562 src/ASF/sam0/drivers/system/system.o
 .debug_macro   0x000181df      0x306 src/ASF/sam0/utils/cmsis/samd21/source/gcc/startup_samd21.o
 .debug_macro   0x000184e5       0x3a src/ASF/sam0/utils/cmsis/samd21/source/gcc/startup_samd21.o
 .debug_macro   0x0001851f      0x61c src/qs_spi_master_basic.o

.debug_line     0x00000000     0x772b
 .debug_line    0x00000000      0x8e5 src/ASF/common/utils/interrupt/interrupt_sam_nvic.o
 .debug_line    0x000008e5      0x992 src/ASF/sam0/boards/samd21_xplained_pro/board_init.o
 .debug_line    0x00001277      0x917 src/ASF/sam0/drivers/port/port.o
 .debug_line    0x00001b8e      0xbf0 src/ASF/sam0/drivers/sercom/sercom.o
 .debug_line    0x0000277e     0x1054 src/ASF/sam0/drivers/sercom/spi/spi.o
 .debug_line    0x000037d2      0xc6d src/ASF/sam0/drivers/system/clock/clock_samd21_r21_da_ha1/clock.o
 .debug_line    0x0000443f      0xc93 src/ASF/sam0/drivers/system/clock/clock_samd21_r21_da_ha1/gclk.o
 .debug_line    0x000050d2      0x964 src/ASF/sam0/drivers/system/pinmux/pinmux.o
 .debug_line    0x00005a36      0xa0e src/ASF/sam0/drivers/system/system.o
 .debug_line    0x00006444      0x669 src/ASF/sam0/utils/cmsis/samd21/source/gcc/startup_samd21.o
 .debug_line    0x00006aad      0xc7e src/qs_spi_master_basic.o

.debug_str      0x00000000    0x8d4b5
 .debug_str     0x00000000    0x8349e src/ASF/common/utils/interrupt/interrupt_sam_nvic.o
                              0x83d58 (size before relaxing)
 .debug_str     0x0008349e     0x3dc7 src/ASF/sam0/boards/samd21_xplained_pro/board_init.o
                              0x87ac2 (size before relaxing)
 .debug_str     0x00087265      0x180 src/ASF/sam0/drivers/port/port.o
                              0x84184 (size before relaxing)
 .debug_str     0x000873e5     0x1646 src/ASF/sam0/drivers/sercom/sercom.o
                              0x8544b (size before relaxing)
 .debug_str     0x00088a2b      0xe89 src/ASF/sam0/drivers/sercom/spi/spi.o
                              0x86239 (size before relaxing)
 .debug_str     0x000898b4     0x27a7 src/ASF/sam0/drivers/system/clock/clock_samd21_r21_da_ha1/clock.o
                              0x86ede (size before relaxing)
 .debug_str     0x0008c05b      0x24a src/ASF/sam0/drivers/system/clock/clock_samd21_r21_da_ha1/gclk.o
                              0x84a1b (size before relaxing)
 .debug_str     0x0008c2a5      0x179 src/ASF/sam0/drivers/system/pinmux/pinmux.o
                              0x841fa (size before relaxing)
 .debug_str     0x0008c41e       0x47 src/ASF/sam0/drivers/system/system.o
                              0x83e35 (size before relaxing)
 .debug_str     0x0008c465      0xf25 src/ASF/sam0/utils/cmsis/samd21/source/gcc/startup_samd21.o
                              0x6edec (size before relaxing)
 .debug_str     0x0008d38a      0x12b src/qs_spi_master_basic.o
                              0x8945a (size before relaxing)

.debug_frame    0x00000000      0x6d4
 .debug_frame   0x00000000       0x30 src/ASF/common/utils/interrupt/interrupt_sam_nvic.o
 .debug_frame   0x00000030       0x30 src/ASF/sam0/boards/samd21_xplained_pro/board_init.o
 .debug_frame   0x00000060       0x44 src/ASF/sam0/drivers/port/port.o
 .debug_frame   0x000000a4       0xbc src/ASF/sam0/drivers/sercom/sercom.o
 .debug_frame   0x00000160      0x11c src/ASF/sam0/drivers/sercom/spi/spi.o
 .debug_frame   0x0000027c      0x14c src/ASF/sam0/drivers/system/clock/clock_samd21_r21_da_ha1/clock.o
 .debug_frame   0x000003c8      0x148 src/ASF/sam0/drivers/system/clock/clock_samd21_r21_da_ha1/gclk.o
 .debug_frame   0x00000510       0x98 src/ASF/sam0/drivers/system/pinmux/pinmux.o
 .debug_frame   0x000005a8       0x38 src/ASF/sam0/drivers/system/system.o
 .debug_frame   0x000005e0       0x40 src/ASF/sam0/utils/cmsis/samd21/source/gcc/startup_samd21.o
 .debug_frame   0x00000620       0x48 src/qs_spi_master_basic.o
 .debug_frame   0x00000668       0x20 r:/program files (x86)/atmel/studio/7.0/toolchain/arm/arm-gnu-toolchain/bin/../lib/gcc/arm-none-eabi/6.3.1/thumb/v6-m\libgcc.a(_udivsi3.o)
 .debug_frame   0x00000688       0x2c r:/program files (x86)/atmel/studio/7.0/toolchain/arm/arm-gnu-toolchain/bin/../lib/gcc/arm-none-eabi/6.3.1/../../../../arm-none-eabi/lib/thumb/v6-m\libc_nano.a(lib_a-init.o)
 .debug_frame   0x000006b4       0x20 r:/program files (x86)/atmel/studio/7.0/toolchain/arm/arm-gnu-toolchain/bin/../lib/gcc/arm-none-eabi/6.3.1/../../../../arm-none-eabi/lib/thumb/v6-m\libc_nano.a(lib_a-memset.o)

.debug_loc      0x00000000     0x40a6
 .debug_loc     0x00000000       0x8b src/ASF/sam0/boards/samd21_xplained_pro/board_init.o
 .debug_loc     0x0000008b      0x13d src/ASF/sam0/drivers/port/port.o
 .debug_loc     0x000001c8      0x9d5 src/ASF/sam0/drivers/sercom/sercom.o
 .debug_loc     0x00000b9d     0x1bc7 src/ASF/sam0/drivers/sercom/spi/spi.o
 .debug_loc     0x00002764      0xec7 src/ASF/sam0/drivers/system/clock/clock_samd21_r21_da_ha1/clock.o
 .debug_loc     0x0000362b      0x504 src/ASF/sam0/drivers/system/clock/clock_samd21_r21_da_ha1/gclk.o
 .debug_loc     0x00003b2f      0x36d src/ASF/sam0/drivers/system/pinmux/pinmux.o
 .debug_loc     0x00003e9c       0x20 src/ASF/sam0/drivers/system/system.o
 .debug_loc     0x00003ebc       0x40 src/ASF/sam0/utils/cmsis/samd21/source/gcc/startup_samd21.o
 .debug_loc     0x00003efc      0x1aa src/qs_spi_master_basic.o

Cross Reference Table

Symbol                                            File
AC_Handler                                        src/ASF/sam0/utils/cmsis/samd21/source/gcc/startup_samd21.o
ADC_Handler                                       src/ASF/sam0/utils/cmsis/samd21/source/gcc/startup_samd21.o
DAC_Handler                                       src/ASF/sam0/utils/cmsis/samd21/source/gcc/startup_samd21.o
DMAC_Handler                                      src/ASF/sam0/utils/cmsis/samd21/source/gcc/startup_samd21.o
Dummy_Handler                                     src/ASF/sam0/utils/cmsis/samd21/source/gcc/startup_samd21.o
EIC_Handler                                       src/ASF/sam0/utils/cmsis/samd21/source/gcc/startup_samd21.o
EVSYS_Handler                                     src/ASF/sam0/utils/cmsis/samd21/source/gcc/startup_samd21.o
HardFault_Handler                                 src/ASF/sam0/utils/cmsis/samd21/source/gcc/startup_samd21.o
I2S_Handler                                       src/ASF/sam0/utils/cmsis/samd21/source/gcc/startup_samd21.o
NMI_Handler                                       src/ASF/sam0/utils/cmsis/samd21/source/gcc/startup_samd21.o
NVMCTRL_Handler                                   src/ASF/sam0/utils/cmsis/samd21/source/gcc/startup_samd21.o
PM_Handler                                        src/ASF/sam0/utils/cmsis/samd21/source/gcc/startup_samd21.o
PTC_Handler                                       src/ASF/sam0/utils/cmsis/samd21/source/gcc/startup_samd21.o
PendSV_Handler                                    src/ASF/sam0/utils/cmsis/samd21/source/gcc/startup_samd21.o
RTC_Handler                                       src/ASF/sam0/utils/cmsis/samd21/source/gcc/startup_samd21.o
Reset_Handler                                     src/ASF/sam0/utils/cmsis/samd21/source/gcc/startup_samd21.o
SERCOM0_Handler                                   src/ASF/sam0/utils/cmsis/samd21/source/gcc/startup_samd21.o
SERCOM1_Handler                                   src/ASF/sam0/utils/cmsis/samd21/source/gcc/startup_samd21.o
SERCOM2_Handler                                   src/ASF/sam0/utils/cmsis/samd21/source/gcc/startup_samd21.o
SERCOM3_Handler                                   src/ASF/sam0/utils/cmsis/samd21/source/gcc/startup_samd21.o
SERCOM4_Handler                                   src/ASF/sam0/utils/cmsis/samd21/source/gcc/startup_samd21.o
SERCOM5_Handler                                   src/ASF/sam0/utils/cmsis/samd21/source/gcc/startup_samd21.o
SVC_Handler                                       src/ASF/sam0/utils/cmsis/samd21/source/gcc/startup_samd21.o
SYSCTRL_Handler                                   src/ASF/sam0/utils/cmsis/samd21/source/gcc/startup_samd21.o
SysTick_Handler                                   src/ASF/sam0/utils/cmsis/samd21/source/gcc/startup_samd21.o
SystemCoreClock                                   src/ASF/sam0/utils/cmsis/samd21/source/system_samd21.o
SystemCoreClockUpdate                             src/ASF/sam0/utils/cmsis/samd21/source/system_samd21.o
SystemInit                                        src/ASF/sam0/utils/cmsis/samd21/source/system_samd21.o
TC3_Handler                                       src/ASF/sam0/utils/cmsis/samd21/source/gcc/startup_samd21.o
TC4_Handler                                       src/ASF/sam0/utils/cmsis/samd21/source/gcc/startup_samd21.o
TC5_Handler                                       src/ASF/sam0/utils/cmsis/samd21/source/gcc/startup_samd21.o
TC6_Handler                                       src/ASF/sam0/utils/cmsis/samd21/source/gcc/startup_samd21.o
TC7_Handler                                       src/ASF/sam0/utils/cmsis/samd21/source/gcc/startup_samd21.o
TCC0_Handler                                      src/ASF/sam0/utils/cmsis/samd21/source/gcc/startup_samd21.o
TCC1_Handler                                      src/ASF/sam0/utils/cmsis/samd21/source/gcc/startup_samd21.o
TCC2_Handler                                      src/ASF/sam0/utils/cmsis/samd21/source/gcc/startup_samd21.o
USB_Handler                                       src/ASF/sam0/utils/cmsis/samd21/source/gcc/startup_samd21.o
WDT_Handler                                       src/ASF/sam0/utils/cmsis/samd21/source/gcc/startup_samd21.o
_Jv_RegisterClasses                               r:/program files (x86)/atmel/studio/7.0/toolchain/arm/arm-gnu-toolchain/bin/../lib/gcc/arm-none-eabi/6.3.1/thumb/v6-m/crtbegin.o
__aeabi_idiv0                                     r:/program files (x86)/atmel/studio/7.0/toolchain/arm/arm-gnu-toolchain/bin/../lib/gcc/arm-none-eabi/6.3.1/thumb/v6-m\libgcc.a(_dvmd_tls.o)
                                                  r:/program files (x86)/atmel/studio/7.0/toolchain/arm/arm-gnu-toolchain/bin/../lib/gcc/arm-none-eabi/6.3.1/thumb/v6-m\libgcc.a(_udivsi3.o)
__aeabi_ldiv0                                     r:/program files (x86)/atmel/studio/7.0/toolchain/arm/arm-gnu-toolchain/bin/../lib/gcc/arm-none-eabi/6.3.1/thumb/v6-m\libgcc.a(_dvmd_tls.o)
__aeabi_lmul                                      r:/program files (x86)/atmel/studio/7.0/toolchain/arm/arm-gnu-toolchain/bin/../lib/gcc/arm-none-eabi/6.3.1/thumb/v6-m\libgcc.a(_muldi3.o)
                                                  src/ASF/sam0/drivers/sercom/sercom.o
__aeabi_uidiv                                     r:/program files (x86)/atmel/studio/7.0/toolchain/arm/arm-gnu-toolchain/bin/../lib/gcc/arm-none-eabi/6.3.1/thumb/v6-m\libgcc.a(_udivsi3.o)
                                                  src/ASF/sam0/drivers/system/clock/clock_samd21_r21_da_ha1/gclk.o
                                                  src/ASF/sam0/drivers/system/clock/clock_samd21_r21_da_ha1/clock.o
__aeabi_uidivmod                                  r:/program files (x86)/atmel/studio/7.0/toolchain/arm/arm-gnu-toolchain/bin/../lib/gcc/arm-none-eabi/6.3.1/thumb/v6-m\libgcc.a(_udivsi3.o)
__bss_end__                                       r:/program files (x86)/atmel/studio/7.0/toolchain/arm/arm-gnu-toolchain/bin/../lib/gcc/arm-none-eabi/6.3.1/../../../../arm-none-eabi/lib/thumb/v6-m/crt0.o
__bss_start__                                     r:/program files (x86)/atmel/studio/7.0/toolchain/arm/arm-gnu-toolchain/bin/../lib/gcc/arm-none-eabi/6.3.1/../../../../arm-none-eabi/lib/thumb/v6-m/crt0.o
__call_exitprocs                                  r:/program files (x86)/atmel/studio/7.0/toolchain/arm/arm-gnu-toolchain/bin/../lib/gcc/arm-none-eabi/6.3.1/../../../../arm-none-eabi/lib/thumb/v6-m\libc_nano.a(lib_a-exit.o)
__deregister_frame_info                           r:/program files (x86)/atmel/studio/7.0/toolchain/arm/arm-gnu-toolchain/bin/../lib/gcc/arm-none-eabi/6.3.1/thumb/v6-m/crtbegin.o
__dso_handle                                      r:/program files (x86)/atmel/studio/7.0/toolchain/arm/arm-gnu-toolchain/bin/../lib/gcc/arm-none-eabi/6.3.1/thumb/v6-m/crtbegin.o
__init_array_end                                  r:/program files (x86)/atmel/studio/7.0/toolchain/arm/arm-gnu-toolchain/bin/../lib/gcc/arm-none-eabi/6.3.1/../../../../arm-none-eabi/lib/thumb/v6-m\libc_nano.a(lib_a-init.o)
__init_array_start                                r:/program files (x86)/atmel/studio/7.0/toolchain/arm/arm-gnu-toolchain/bin/../lib/gcc/arm-none-eabi/6.3.1/../../../../arm-none-eabi/lib/thumb/v6-m\libc_nano.a(lib_a-init.o)
__libc_fini_array                                 r:/program files (x86)/atmel/studio/7.0/toolchain/arm/arm-gnu-toolchain/bin/../lib/gcc/arm-none-eabi/6.3.1/../../../../arm-none-eabi/lib/thumb/v6-m/crt0.o
__libc_init_array                                 r:/program files (x86)/atmel/studio/7.0/toolchain/arm/arm-gnu-toolchain/bin/../lib/gcc/arm-none-eabi/6.3.1/../../../../arm-none-eabi/lib/thumb/v6-m\libc_nano.a(lib_a-init.o)
                                                  src/ASF/sam0/utils/cmsis/samd21/source/gcc/startup_samd21.o
                                                  r:/program files (x86)/atmel/studio/7.0/toolchain/arm/arm-gnu-toolchain/bin/../lib/gcc/arm-none-eabi/6.3.1/../../../../arm-none-eabi/lib/thumb/v6-m/crt0.o
__muldi3                                          r:/program files (x86)/atmel/studio/7.0/toolchain/arm/arm-gnu-toolchain/bin/../lib/gcc/arm-none-eabi/6.3.1/thumb/v6-m\libgcc.a(_muldi3.o)
__preinit_array_end                               r:/program files (x86)/atmel/studio/7.0/toolchain/arm/arm-gnu-toolchain/bin/../lib/gcc/arm-none-eabi/6.3.1/../../../../arm-none-eabi/lib/thumb/v6-m\libc_nano.a(lib_a-init.o)
__preinit_array_start                             r:/program files (x86)/atmel/studio/7.0/toolchain/arm/arm-gnu-toolchain/bin/../lib/gcc/arm-none-eabi/6.3.1/../../../../arm-none-eabi/lib/thumb/v6-m\libc_nano.a(lib_a-init.o)
__register_frame_info                             r:/program files (x86)/atmel/studio/7.0/toolchain/arm/arm-gnu-toolchain/bin/../lib/gcc/arm-none-eabi/6.3.1/thumb/v6-m/crtbegin.o
__sf_fake_stderr                                  r:/program files (x86)/atmel/studio/7.0/toolchain/arm/arm-gnu-toolchain/bin/../lib/gcc/arm-none-eabi/6.3.1/../../../../arm-none-eabi/lib/thumb/v6-m\libc_nano.a(lib_a-impure.o)
__sf_fake_stdin                                   r:/program files (x86)/atmel/studio/7.0/toolchain/arm/arm-gnu-toolchain/bin/../lib/gcc/arm-none-eabi/6.3.1/../../../../arm-none-eabi/lib/thumb/v6-m\libc_nano.a(lib_a-impure.o)
__sf_fake_stdout                                  r:/program files (x86)/atmel/studio/7.0/toolchain/arm/arm-gnu-toolchain/bin/../lib/gcc/arm-none-eabi/6.3.1/../../../../arm-none-eabi/lib/thumb/v6-m\libc_nano.a(lib_a-impure.o)
__stack                                           r:/program files (x86)/atmel/studio/7.0/toolchain/arm/arm-gnu-toolchain/bin/../lib/gcc/arm-none-eabi/6.3.1/../../../../arm-none-eabi/lib/thumb/v6-m/crt0.o
__udivsi3                                         r:/program files (x86)/atmel/studio/7.0/toolchain/arm/arm-gnu-toolchain/bin/../lib/gcc/arm-none-eabi/6.3.1/thumb/v6-m\libgcc.a(_udivsi3.o)
_close                                            src/ASF/sam0/utils/syscalls/gcc/syscalls.o
_end                                              src/ASF/sam0/utils/syscalls/gcc/syscalls.o
_erelocate                                        src/ASF/sam0/utils/cmsis/samd21/source/gcc/startup_samd21.o
_estack                                           src/ASF/sam0/utils/cmsis/samd21/source/gcc/startup_samd21.o
_etext                                            src/ASF/sam0/utils/cmsis/samd21/source/gcc/startup_samd21.o
_exit                                             src/ASF/sam0/utils/syscalls/gcc/syscalls.o
                                                  r:/program files (x86)/atmel/studio/7.0/toolchain/arm/arm-gnu-toolchain/bin/../lib/gcc/arm-none-eabi/6.3.1/../../../../arm-none-eabi/lib/thumb/v6-m\libc_nano.a(lib_a-exit.o)
_ezero                                            src/ASF/sam0/utils/cmsis/samd21/source/gcc/startup_samd21.o
_fini                                             r:/program files (x86)/atmel/studio/7.0/toolchain/arm/arm-gnu-toolchain/bin/../lib/gcc/arm-none-eabi/6.3.1/thumb/v6-m/crti.o
_fstat                                            src/ASF/sam0/utils/syscalls/gcc/syscalls.o
_getpid                                           src/ASF/sam0/utils/syscalls/gcc/syscalls.o
_global_impure_ptr                                r:/program files (x86)/atmel/studio/7.0/toolchain/arm/arm-gnu-toolchain/bin/../lib/gcc/arm-none-eabi/6.3.1/../../../../arm-none-eabi/lib/thumb/v6-m\libc_nano.a(lib_a-impure.o)
                                                  r:/program files (x86)/atmel/studio/7.0/toolchain/arm/arm-gnu-toolchain/bin/../lib/gcc/arm-none-eabi/6.3.1/../../../../arm-none-eabi/lib/thumb/v6-m\libc_nano.a(lib_a-exit.o)
_impure_ptr                                       r:/program files (x86)/atmel/studio/7.0/toolchain/arm/arm-gnu-toolchain/bin/../lib/gcc/arm-none-eabi/6.3.1/../../../../arm-none-eabi/lib/thumb/v6-m\libc_nano.a(lib_a-impure.o)
_init                                             r:/program files (x86)/atmel/studio/7.0/toolchain/arm/arm-gnu-toolchain/bin/../lib/gcc/arm-none-eabi/6.3.1/thumb/v6-m/crti.o
                                                  r:/program files (x86)/atmel/studio/7.0/toolchain/arm/arm-gnu-toolchain/bin/../lib/gcc/arm-none-eabi/6.3.1/../../../../arm-none-eabi/lib/thumb/v6-m\libc_nano.a(lib_a-init.o)
_isatty                                           src/ASF/sam0/utils/syscalls/gcc/syscalls.o
_kill                                             src/ASF/sam0/utils/syscalls/gcc/syscalls.o
_lseek                                            src/ASF/sam0/utils/syscalls/gcc/syscalls.o
_mainCRTStartup                                   r:/program files (x86)/atmel/studio/7.0/toolchain/arm/arm-gnu-toolchain/bin/../lib/gcc/arm-none-eabi/6.3.1/../../../../arm-none-eabi/lib/thumb/v6-m/crt0.o
_sbrk                                             src/ASF/sam0/utils/syscalls/gcc/syscalls.o
_sercom_get_async_baud_val                        src/ASF/sam0/drivers/sercom/sercom.o
_sercom_get_default_pad                           src/ASF/sam0/drivers/sercom/sercom.o
                                                  src/ASF/sam0/drivers/sercom/spi/spi.o
_sercom_get_sercom_inst_index                     src/ASF/sam0/drivers/sercom/sercom.o
                                                  src/ASF/sam0/drivers/sercom/spi/spi.o
_sercom_get_sync_baud_val                         src/ASF/sam0/drivers/sercom/sercom.o
                                                  src/ASF/sam0/drivers/sercom/spi/spi.o
_sfixed                                           src/ASF/sam0/utils/cmsis/samd21/source/gcc/startup_samd21.o
_srelocate                                        src/ASF/sam0/utils/cmsis/samd21/source/gcc/startup_samd21.o
_start                                            r:/program files (x86)/atmel/studio/7.0/toolchain/arm/arm-gnu-toolchain/bin/../lib/gcc/arm-none-eabi/6.3.1/../../../../arm-none-eabi/lib/thumb/v6-m/crt0.o
_system_divas_init                                src/ASF/sam0/drivers/system/system.o
_system_dummy_init                                src/ASF/sam0/drivers/system/system.o
_system_events_init                               src/ASF/sam0/drivers/system/system.o
_system_extint_init                               src/ASF/sam0/drivers/system/system.o
_szero                                            src/ASF/sam0/utils/cmsis/samd21/source/gcc/startup_samd21.o
atexit                                            r:/program files (x86)/atmel/studio/7.0/toolchain/arm/arm-gnu-toolchain/bin/../lib/gcc/arm-none-eabi/6.3.1/../../../../arm-none-eabi/lib/thumb/v6-m/crt0.o
board_init                                        src/ASF/sam0/boards/samd21_xplained_pro/board_init.o
configure_spi_master                              src/qs_spi_master_basic.o
cpu_irq_enter_critical                            src/ASF/common/utils/interrupt/interrupt_sam_nvic.o
                                                  src/ASF/sam0/drivers/system/clock/clock_samd21_r21_da_ha1/gclk.o
cpu_irq_leave_critical                            src/ASF/common/utils/interrupt/interrupt_sam_nvic.o
                                                  src/ASF/sam0/drivers/system/clock/clock_samd21_r21_da_ha1/gclk.o
exception_table                                   src/ASF/sam0/utils/cmsis/samd21/source/gcc/startup_samd21.o
exit                                              r:/program files (x86)/atmel/studio/7.0/toolchain/arm/arm-gnu-toolchain/bin/../lib/gcc/arm-none-eabi/6.3.1/../../../../arm-none-eabi/lib/thumb/v6-m\libc_nano.a(lib_a-exit.o)
                                                  r:/program files (x86)/atmel/studio/7.0/toolchain/arm/arm-gnu-toolchain/bin/../lib/gcc/arm-none-eabi/6.3.1/../../../../arm-none-eabi/lib/thumb/v6-m/crt0.o
g_interrupt_enabled                               src/ASF/common/utils/interrupt/interrupt_sam_nvic.o
hardware_init_hook                                r:/program files (x86)/atmel/studio/7.0/toolchain/arm/arm-gnu-toolchain/bin/../lib/gcc/arm-none-eabi/6.3.1/../../../../arm-none-eabi/lib/thumb/v6-m/crt0.o
link                                              src/ASF/sam0/utils/syscalls/gcc/syscalls.o
main                                              src/qs_spi_master_basic.o
                                                  src/ASF/sam0/utils/cmsis/samd21/source/gcc/startup_samd21.o
                                                  r:/program files (x86)/atmel/studio/7.0/toolchain/arm/arm-gnu-toolchain/bin/../lib/gcc/arm-none-eabi/6.3.1/../../../../arm-none-eabi/lib/thumb/v6-m/crt0.o
memset                                            r:/program files (x86)/atmel/studio/7.0/toolchain/arm/arm-gnu-toolchain/bin/../lib/gcc/arm-none-eabi/6.3.1/../../../../arm-none-eabi/lib/thumb/v6-m\libc_nano.a(lib_a-memset.o)
                                                  src/qs_spi_master_basic.o
                                                  r:/program files (x86)/atmel/studio/7.0/toolchain/arm/arm-gnu-toolchain/bin/../lib/gcc/arm-none-eabi/6.3.1/../../../../arm-none-eabi/lib/thumb/v6-m/crt0.o
port_group_set_config                             src/ASF/sam0/drivers/port/port.o
port_pin_set_config                               src/ASF/sam0/drivers/port/port.o
                                                  src/qs_spi_master_basic.o
                                                  src/ASF/sam0/boards/samd21_xplained_pro/board_init.o
sercom_set_gclk_generator                         src/ASF/sam0/drivers/sercom/sercom.o
                                                  src/ASF/sam0/drivers/sercom/spi/spi.o
slave                                             src/qs_spi_master_basic.o
software_init_hook                                r:/program files (x86)/atmel/studio/7.0/toolchain/arm/arm-gnu-toolchain/bin/../lib/gcc/arm-none-eabi/6.3.1/../../../../arm-none-eabi/lib/thumb/v6-m/crt0.o
spi_init                                          src/ASF/sam0/drivers/sercom/spi/spi.o
                                                  src/qs_spi_master_basic.o
spi_master_instance                               src/qs_spi_master_basic.o
spi_read_buffer_wait                              src/ASF/sam0/drivers/sercom/spi/spi.o
spi_reset                                         src/ASF/sam0/drivers/sercom/spi/spi.o
spi_select_slave                                  src/ASF/sam0/drivers/sercom/spi/spi.o
                                                  src/qs_spi_master_basic.o
spi_set_baudrate                                  src/ASF/sam0/drivers/sercom/spi/spi.o
spi_transceive_buffer_wait                        src/ASF/sam0/drivers/sercom/spi/spi.o
spi_transceive_wait                               src/ASF/sam0/drivers/sercom/spi/spi.o
spi_write_buffer_wait                             src/ASF/sam0/drivers/sercom/spi/spi.o
                                                  src/qs_spi_master_basic.o
system_board_init                                 src/ASF/sam0/boards/samd21_xplained_pro/board_init.o
system_clock_init                                 src/ASF/sam0/drivers/system/clock/clock_samd21_r21_da_ha1/clock.o
system_clock_source_dfll_set_config               src/ASF/sam0/drivers/system/clock/clock_samd21_r21_da_ha1/clock.o
system_clock_source_disable                       src/ASF/sam0/drivers/system/clock/clock_samd21_r21_da_ha1/clock.o
system_clock_source_dpll_set_config               src/ASF/sam0/drivers/system/clock/clock_samd21_r21_da_ha1/clock.o
system_clock_source_enable                        src/ASF/sam0/drivers/system/clock/clock_samd21_r21_da_ha1/clock.o
system_clock_source_get_hz                        src/ASF/sam0/drivers/system/clock/clock_samd21_r21_da_ha1/clock.o
                                                  src/ASF/sam0/drivers/system/clock/clock_samd21_r21_da_ha1/gclk.o
system_clock_source_is_ready                      src/ASF/sam0/drivers/system/clock/clock_samd21_r21_da_ha1/clock.o
system_clock_source_osc32k_set_config             src/ASF/sam0/drivers/system/clock/clock_samd21_r21_da_ha1/clock.o
system_clock_source_osc8m_set_config              src/ASF/sam0/drivers/system/clock/clock_samd21_r21_da_ha1/clock.o
system_clock_source_write_calibration             src/ASF/sam0/drivers/system/clock/clock_samd21_r21_da_ha1/clock.o
system_clock_source_xosc32k_set_config            src/ASF/sam0/drivers/system/clock/clock_samd21_r21_da_ha1/clock.o
system_clock_source_xosc_set_config               src/ASF/sam0/drivers/system/clock/clock_samd21_r21_da_ha1/clock.o
system_gclk_chan_disable                          src/ASF/sam0/drivers/system/clock/clock_samd21_r21_da_ha1/gclk.o
system_gclk_chan_enable                           src/ASF/sam0/drivers/system/clock/clock_samd21_r21_da_ha1/gclk.o
                                                  src/ASF/sam0/drivers/sercom/spi/spi.o
                                                  src/ASF/sam0/drivers/sercom/sercom.o
system_gclk_chan_get_hz                           src/ASF/sam0/drivers/system/clock/clock_samd21_r21_da_ha1/gclk.o
                                                  src/ASF/sam0/drivers/system/clock/clock_samd21_r21_da_ha1/clock.o
                                                  src/ASF/sam0/drivers/sercom/spi/spi.o
system_gclk_chan_is_enabled                       src/ASF/sam0/drivers/system/clock/clock_samd21_r21_da_ha1/gclk.o
system_gclk_chan_is_locked                        src/ASF/sam0/drivers/system/clock/clock_samd21_r21_da_ha1/gclk.o
system_gclk_chan_lock                             src/ASF/sam0/drivers/system/clock/clock_samd21_r21_da_ha1/gclk.o
system_gclk_chan_set_config                       src/ASF/sam0/drivers/system/clock/clock_samd21_r21_da_ha1/gclk.o
                                                  src/ASF/sam0/drivers/system/clock/clock_samd21_r21_da_ha1/clock.o
                                                  src/ASF/sam0/drivers/sercom/spi/spi.o
                                                  src/ASF/sam0/drivers/sercom/sercom.o
system_gclk_gen_disable                           src/ASF/sam0/drivers/system/clock/clock_samd21_r21_da_ha1/gclk.o
system_gclk_gen_enable                            src/ASF/sam0/drivers/system/clock/clock_samd21_r21_da_ha1/gclk.o
                                                  src/ASF/sam0/drivers/system/clock/clock_samd21_r21_da_ha1/clock.o
system_gclk_gen_get_hz                            src/ASF/sam0/drivers/system/clock/clock_samd21_r21_da_ha1/gclk.o
system_gclk_gen_is_enabled                        src/ASF/sam0/drivers/system/clock/clock_samd21_r21_da_ha1/gclk.o
system_gclk_gen_set_config                        src/ASF/sam0/drivers/system/clock/clock_samd21_r21_da_ha1/gclk.o
                                                  src/ASF/sam0/drivers/system/clock/clock_samd21_r21_da_ha1/clock.o
system_gclk_init                                  src/ASF/sam0/drivers/system/clock/clock_samd21_r21_da_ha1/gclk.o
                                                  src/ASF/sam0/drivers/system/clock/clock_samd21_r21_da_ha1/clock.o
system_init                                       src/ASF/sam0/drivers/system/system.o
                                                  src/qs_spi_master_basic.o
system_interrupt_clear_pending                    src/ASF/sam0/drivers/system/interrupt/system_interrupt.o
system_interrupt_get_priority                     src/ASF/sam0/drivers/system/interrupt/system_interrupt.o
system_interrupt_is_pending                       src/ASF/sam0/drivers/system/interrupt/system_interrupt.o
system_interrupt_set_pending                      src/ASF/sam0/drivers/system/interrupt/system_interrupt.o
system_interrupt_set_priority                     src/ASF/sam0/drivers/system/interrupt/system_interrupt.o
system_pinmux_group_set_config                    src/ASF/sam0/drivers/system/pinmux/pinmux.o
                                                  src/ASF/sam0/drivers/port/port.o
system_pinmux_group_set_input_sample_mode         src/ASF/sam0/drivers/system/pinmux/pinmux.o
system_pinmux_group_set_output_strength           src/ASF/sam0/drivers/system/pinmux/pinmux.o
system_pinmux_pin_set_config                      src/ASF/sam0/drivers/system/pinmux/pinmux.o
                                                  src/ASF/sam0/drivers/sercom/spi/spi.o
                                                  src/ASF/sam0/drivers/port/port.o
